  Characters.cpp
C:\Users\begin\Documents\GitHub\CPP_Text_RPG\CPP_Text_RPG\Player.h(6,23): error C2504: 'Characters': 기본 클래스를 정의하지 않았습니다.
  (소스 파일 'Characters.cpp'을(를) 컴파일하는 중)
  
C:\Users\begin\Documents\GitHub\CPP_Text_RPG\CPP_Text_RPG\Player.h(19,22): error C2061: 구문 오류: 식별자 'Characters'
  (소스 파일 'Characters.cpp'을(를) 컴파일하는 중)
  
C:\Users\begin\Documents\GitHub\CPP_Text_RPG\CPP_Text_RPG\Player.h(19,15): error C3668: 'Player::attack': 재정의 지정자 'override'가 있는 메서드가 기본 클래스 메서드를 재정의하지 않았습니다.
  (소스 파일 'Characters.cpp'을(를) 컴파일하는 중)
  
C:\Users\begin\Documents\GitHub\CPP_Text_RPG\CPP_Text_RPG\Player.h(15,5): error C2614: 'Player': 멤버 초기화가 잘못되었습니다. 'Characters'이(가) 기본 또는 멤버가 아닙니다.
  (소스 파일 'Characters.cpp'을(를) 컴파일하는 중)
  
C:\Users\begin\Documents\GitHub\CPP_Text_RPG\CPP_Text_RPG\Monster.h(5,24): error C2504: 'Characters': 기본 클래스를 정의하지 않았습니다.
  (소스 파일 'Characters.cpp'을(를) 컴파일하는 중)
  
C:\Users\begin\Documents\GitHub\CPP_Text_RPG\CPP_Text_RPG\Monster.h(16,14): error C2061: 구문 오류: 식별자 'Characters'
  (소스 파일 'Characters.cpp'을(를) 컴파일하는 중)
  
C:\Users\begin\Documents\GitHub\CPP_Text_RPG\CPP_Text_RPG\Monster.h(13,4): error C2614: 'Monster': 멤버 초기화가 잘못되었습니다. 'Characters'이(가) 기본 또는 멤버가 아닙니다.
  (소스 파일 'Characters.cpp'을(를) 컴파일하는 중)
  
C:\Users\begin\Documents\GitHub\CPP_Text_RPG\CPP_Text_RPG\Battle.h(10,27): error C2061: 구문 오류: 식별자 'Characters'
  (소스 파일 'Characters.cpp'을(를) 컴파일하는 중)
  
C:\Users\begin\Documents\GitHub\CPP_Text_RPG\CPP_Text_RPG\Battle.h(7,14): warning C4091: 'static ': 변수를 선언하지 않으면 'Battle' 왼쪽은 무시됩니다.
  (소스 파일 'Characters.cpp'을(를) 컴파일하는 중)
  
C:\Users\begin\Documents\GitHub\CPP_Text_RPG\CPP_Text_RPG\Characters.cpp(4,10): error C2660: 'Battle::battleSystem': 함수는 2개의 인수를 사용하지 않습니다.
      C:\Users\begin\Documents\GitHub\CPP_Text_RPG\CPP_Text_RPG\Battle.h(10,14):
      'Battle::battleSystem' 선언을 참조하십시오.
      C:\Users\begin\Documents\GitHub\CPP_Text_RPG\CPP_Text_RPG\Characters.cpp(4,10):
      인수 목록 '(Characters *, Characters *)'을(를) 일치시키는 동안
  
  main.cpp
C:\Users\begin\Documents\GitHub\CPP_Text_RPG\CPP_Text_RPG\Monster.h(5,24): error C2504: 'Characters': 기본 클래스를 정의하지 않았습니다.
  (소스 파일 'main.cpp'을(를) 컴파일하는 중)
  
C:\Users\begin\Documents\GitHub\CPP_Text_RPG\CPP_Text_RPG\Monster.h(16,14): error C2061: 구문 오류: 식별자 'Characters'
  (소스 파일 'main.cpp'을(를) 컴파일하는 중)
  
C:\Users\begin\Documents\GitHub\CPP_Text_RPG\CPP_Text_RPG\Monster.h(13,4): error C2614: 'Monster': 멤버 초기화가 잘못되었습니다. 'Characters'이(가) 기본 또는 멤버가 아닙니다.
  (소스 파일 'main.cpp'을(를) 컴파일하는 중)
  
C:\Users\begin\Documents\GitHub\CPP_Text_RPG\CPP_Text_RPG\Battle.h(10,27): error C2061: 구문 오류: 식별자 'Characters'
  (소스 파일 'main.cpp'을(를) 컴파일하는 중)
  
C:\Users\begin\Documents\GitHub\CPP_Text_RPG\CPP_Text_RPG\Battle.h(7,14): warning C4091: 'static ': 변수를 선언하지 않으면 'Battle' 왼쪽은 무시됩니다.
  (소스 파일 'main.cpp'을(를) 컴파일하는 중)
  
C:\Users\begin\Documents\GitHub\CPP_Text_RPG\CPP_Text_RPG\main.cpp(95,41): error C2039: 'getHP': 'Monster'의 멤버가 아닙니다.
      C:\Users\begin\Documents\GitHub\CPP_Text_RPG\CPP_Text_RPG\Monster.h(5,7):
      'Monster' 선언을 참조하십시오.
  
C:\Users\begin\Documents\GitHub\CPP_Text_RPG\CPP_Text_RPG\main.cpp(100,12): error C2664: 'void Player::attack(Characters *,Characters *)': 인수 2을(를) 'Monster *'에서 'Characters *'(으)로 변환할 수 없습니다.
      C:\Users\begin\Documents\GitHub\CPP_Text_RPG\CPP_Text_RPG\main.cpp(100,27):
      가리킨 형식이 관련이 없습니다. 변환하려면 reinterpret_cast, C 스타일 캐스트 또는 괄호가 있는 함수 스타일 캐스트가 필요합니다.
      C:\Users\begin\Documents\GitHub\CPP_Text_RPG\CPP_Text_RPG\Player.h(19,15):
      'Player::attack' 선언을 참조하십시오.
      C:\Users\begin\Documents\GitHub\CPP_Text_RPG\CPP_Text_RPG\main.cpp(100,12):
      인수 목록 '(Player *, Monster *)'을(를) 일치시키는 동안
  
C:\Users\begin\Documents\GitHub\CPP_Text_RPG\CPP_Text_RPG\main.cpp(101,15): warning C4305: '=': 'int'에서 'bool'(으)로 잘립니다.
C:\Users\begin\Documents\GitHub\CPP_Text_RPG\CPP_Text_RPG\main.cpp(104,13): error C2660: 'Monster::attack': 함수는 2개의 인수를 사용하지 않습니다.
      C:\Users\begin\Documents\GitHub\CPP_Text_RPG\CPP_Text_RPG\Monster.h(16,7):
      'Monster::attack' 선언을 참조하십시오.
      C:\Users\begin\Documents\GitHub\CPP_Text_RPG\CPP_Text_RPG\main.cpp(104,13):
      인수 목록 '(Monster *, Player *)'을(를) 일치시키는 동안
  
C:\Users\begin\Documents\GitHub\CPP_Text_RPG\CPP_Text_RPG\main.cpp(116,21): error C2039: 'getHP': 'Monster'의 멤버가 아닙니다.
      C:\Users\begin\Documents\GitHub\CPP_Text_RPG\CPP_Text_RPG\Monster.h(5,7):
      'Monster' 선언을 참조하십시오.
  
  Monster.cpp
C:\Users\begin\Documents\GitHub\CPP_Text_RPG\CPP_Text_RPG\Battle.h(10,27): error C2061: 구문 오류: 식별자 'Characters'
  (소스 파일 'Monster.cpp'을(를) 컴파일하는 중)
  
C:\Users\begin\Documents\GitHub\CPP_Text_RPG\CPP_Text_RPG\Battle.h(7,14): warning C4091: 'static ': 변수를 선언하지 않으면 'Battle' 왼쪽은 무시됩니다.
  (소스 파일 'Monster.cpp'을(를) 컴파일하는 중)
  
  Player.cpp
C:\Users\begin\Documents\GitHub\CPP_Text_RPG\CPP_Text_RPG\Monster.h(5,24): error C2504: 'Characters': 기본 클래스를 정의하지 않았습니다.
  (소스 파일 'Player.cpp'을(를) 컴파일하는 중)
  
C:\Users\begin\Documents\GitHub\CPP_Text_RPG\CPP_Text_RPG\Monster.h(16,14): error C2061: 구문 오류: 식별자 'Characters'
  (소스 파일 'Player.cpp'을(를) 컴파일하는 중)
  
C:\Users\begin\Documents\GitHub\CPP_Text_RPG\CPP_Text_RPG\Monster.h(13,4): error C2614: 'Monster': 멤버 초기화가 잘못되었습니다. 'Characters'이(가) 기본 또는 멤버가 아닙니다.
  (소스 파일 'Player.cpp'을(를) 컴파일하는 중)
  
C:\Users\begin\Documents\GitHub\CPP_Text_RPG\CPP_Text_RPG\Battle.h(10,27): error C2061: 구문 오류: 식별자 'Characters'
  (소스 파일 'Player.cpp'을(를) 컴파일하는 중)
  
C:\Users\begin\Documents\GitHub\CPP_Text_RPG\CPP_Text_RPG\Battle.h(7,14): warning C4091: 'static ': 변수를 선언하지 않으면 'Battle' 왼쪽은 무시됩니다.
  (소스 파일 'Player.cpp'을(를) 컴파일하는 중)
  
  Warrior.cpp
C:\Users\begin\Documents\GitHub\CPP_Text_RPG\CPP_Text_RPG\Monster.h(5,24): error C2504: 'Characters': 기본 클래스를 정의하지 않았습니다.
  (소스 파일 'Warrior.cpp'을(를) 컴파일하는 중)
  
C:\Users\begin\Documents\GitHub\CPP_Text_RPG\CPP_Text_RPG\Monster.h(16,14): error C2061: 구문 오류: 식별자 'Characters'
  (소스 파일 'Warrior.cpp'을(를) 컴파일하는 중)
  
C:\Users\begin\Documents\GitHub\CPP_Text_RPG\CPP_Text_RPG\Monster.h(13,4): error C2614: 'Monster': 멤버 초기화가 잘못되었습니다. 'Characters'이(가) 기본 또는 멤버가 아닙니다.
  (소스 파일 'Warrior.cpp'을(를) 컴파일하는 중)
  
C:\Users\begin\Documents\GitHub\CPP_Text_RPG\CPP_Text_RPG\Battle.h(10,27): error C2061: 구문 오류: 식별자 'Characters'
  (소스 파일 'Warrior.cpp'을(를) 컴파일하는 중)
  
C:\Users\begin\Documents\GitHub\CPP_Text_RPG\CPP_Text_RPG\Battle.h(7,14): warning C4091: 'static ': 변수를 선언하지 않으면 'Battle' 왼쪽은 무시됩니다.
  (소스 파일 'Warrior.cpp'을(를) 컴파일하는 중)
  
  코드를 생성하고 있습니다...
